------------------------------------------------------------
Timing Analyzer Summary
------------------------------------------------------------

Type  : Slow 1200mV 85C Model Setup 'clk'
Slack : -4.289
TNS   : -212.641

Type  : Slow 1200mV 85C Model Setup 'baudRateGenerator:geradot|baudRateReg[0]'
Slack : -3.934
TNS   : -151.428

Type  : Slow 1200mV 85C Model Hold 'baudRateGenerator:geradot|baudRateReg[0]'
Slack : 0.392
TNS   : 0.000

Type  : Slow 1200mV 85C Model Hold 'clk'
Slack : 0.395
TNS   : 0.000

Type  : Slow 1200mV 85C Model Recovery 'clk'
Slack : -0.663
TNS   : -14.801

Type  : Slow 1200mV 85C Model Removal 'clk'
Slack : 0.769
TNS   : 0.000

Type  : Slow 1200mV 85C Model Minimum Pulse Width 'clk'
Slack : -3.000
TNS   : -112.225

Type  : Slow 1200mV 85C Model Minimum Pulse Width 'baudRateGenerator:geradot|baudRateReg[0]'
Slack : -1.285
TNS   : -65.535

Type  : Slow 1200mV 0C Model Setup 'clk'
Slack : -3.871
TNS   : -184.628

Type  : Slow 1200mV 0C Model Setup 'baudRateGenerator:geradot|baudRateReg[0]'
Slack : -3.566
TNS   : -135.838

Type  : Slow 1200mV 0C Model Hold 'baudRateGenerator:geradot|baudRateReg[0]'
Slack : 0.344
TNS   : 0.000

Type  : Slow 1200mV 0C Model Hold 'clk'
Slack : 0.346
TNS   : 0.000

Type  : Slow 1200mV 0C Model Recovery 'clk'
Slack : -0.496
TNS   : -9.316

Type  : Slow 1200mV 0C Model Removal 'clk'
Slack : 0.699
TNS   : 0.000

Type  : Slow 1200mV 0C Model Minimum Pulse Width 'clk'
Slack : -3.000
TNS   : -112.225

Type  : Slow 1200mV 0C Model Minimum Pulse Width 'baudRateGenerator:geradot|baudRateReg[0]'
Slack : -1.285
TNS   : -65.535

Type  : Fast 1200mV 0C Model Setup 'clk'
Slack : -1.694
TNS   : -63.508

Type  : Fast 1200mV 0C Model Setup 'baudRateGenerator:geradot|baudRateReg[0]'
Slack : -1.382
TNS   : -49.406

Type  : Fast 1200mV 0C Model Hold 'baudRateGenerator:geradot|baudRateReg[0]'
Slack : 0.178
TNS   : 0.000

Type  : Fast 1200mV 0C Model Hold 'clk'
Slack : 0.178
TNS   : 0.000

Type  : Fast 1200mV 0C Model Recovery 'clk'
Slack : 0.165
TNS   : 0.000

Type  : Fast 1200mV 0C Model Removal 'clk'
Slack : 0.369
TNS   : 0.000

Type  : Fast 1200mV 0C Model Minimum Pulse Width 'clk'
Slack : -3.000
TNS   : -93.982

Type  : Fast 1200mV 0C Model Minimum Pulse Width 'baudRateGenerator:geradot|baudRateReg[0]'
Slack : -1.000
TNS   : -51.000

------------------------------------------------------------
